
[1m[46m RUN [49m[22m [36mv4.1.0 [39m[90mC:/Users/Fei/Desktop/AI搴旂敤/nexus-ai-command[39m

 [32m鉁?[39m src/__tests__/hooks/useAIStream.test.ts [2m([22m[2m5 tests[22m[2m)[22m[33m 12488[2mms[22m[39m
     [33m[2m鉁?[22m[39m 涓夊眰鍏ㄩ儴澶辫触鏃?isTyping 閲嶇疆涓?false [33m 12397[2mms[22m[39m

[2m Test Files [22m [1m[32m1 passed[39m[22m[90m (1)[39m
[2m      Tests [22m [1m[32m5 passed[39m[22m[90m (5)[39m
[2m   Start at [22m 07:25:24
[2m   Duration [22m 13.19s[2m (transform 72ms, setup 89ms, import 83ms, tests 12.49s, environment 413ms)[22m

